"""
This module is explaining what you can do with the function
add_integer.

>>> example = __import__('0-add_integer').add_integer

Now use it:

>>> example("school", 7)
Traceback (most recent call last):
    ...
TypeError: a must be an integer

>>> example(8)
106

>>> example(100, -2)
98

>>> example(2, 100.3)
102

>>> example()
Traceback (most recent call last):
    ...
TypeError: add_integer() missing 1 required positional argument: 'a'

>>> example(([7, 8]), 7)
Traceback (most recent call last):
    ...
TypeError: a must be an integer

>>> example((1, 2), 8)
Traceback (most recent call last):
    ...
TypeError: a must be an integer

>>> example((), 8)
Traceback (most recent call last):
    ...
TypeError: a must be an integer

"""
