"""

>>> example = __import__('4-print_square').print_square

>>> example(4)
####
####
####
####

>>> example(0)

>>> example(1)
#

>>> example(10)
##########
##########
##########
##########
##########
##########
##########
##########
##########
##########

>>> example(-1)
Traceback (most recent call last):
    ...
ValueError: size must be >= 0

"""
